###############################################################################
#
# IAR ELF Linker V9.10.2.313/W64 for ARM                  25/Aug/2021  22:37:01
# Copyright 2007-2021 IAR Systems AB.
#
#    Output file  =
#        D:\utfpr_microprocessadores\ProjetoCalculadoraBasica\Debug\Exe\ProjetoCalculadoraBasica.out
#    Map file     =
#        D:\utfpr_microprocessadores\ProjetoCalculadoraBasica\Debug\List\ProjetoCalculadoraBasica.map
#    Command line =
#        -f
#        D:\utfpr_microprocessadores\ProjetoCalculadoraBasica\Debug\Exe\ProjetoCalculadoraBasica.out.rsp
#        (D:\utfpr_microprocessadores\ProjetoCalculadoraBasica\Debug\Obj\cstartup_M.o
#        D:\utfpr_microprocessadores\ProjetoCalculadoraBasica\Debug\Obj\gpio.o
#        D:\utfpr_microprocessadores\ProjetoCalculadoraBasica\Debug\Obj\main.o
#        D:\utfpr_microprocessadores\ProjetoCalculadoraBasica\Debug\Obj\uart.o
#        --no_out_extension -o
#        D:\utfpr_microprocessadores\ProjetoCalculadoraBasica\Debug\Exe\ProjetoCalculadoraBasica.out
#        --redirect _Printf=_PrintfFullNoMb --redirect _Scanf=_ScanfFullNoMb
#        --map
#        D:\utfpr_microprocessadores\ProjetoCalculadoraBasica\Debug\List\ProjetoCalculadoraBasica.map
#        --config "C:\Program Files\IAR Systems\Embedded Workbench
#        9.0\arm\config\linker\TexasInstruments\TM4C129ENC.icf" --semihosting
#        --entry __iar_program_start --vfe --text_out locale)
#
###############################################################################

*******************************************************************************
*** RUNTIME MODEL ATTRIBUTES
***

CppFlavor       = *
__SystemLibrary = DLib
__dlib_version  = 6


*******************************************************************************
*** HEAP SELECTION
***

The basic heap was selected because some modules are built with
size limitations (and not runtime checking), and --advanced_heap
was not specified.


*******************************************************************************
*** PLACEMENT SUMMARY
***

"A0":  place at address 0x0 { ro section .intvec };
"P1":  place in [from 0x0 to 0xf'ffff] { ro };
define block CSTACK with size = 32K, alignment = 8 { };
define block HEAP with size = 64K, alignment = 8 { };
"P2":  place in [from 0x2000'0000 to 0x2003'ffff] {
          rw, block CSTACK, block HEAP };

  Section          Kind         Address    Size  Object
  -------          ----         -------    ----  ------
"A0":                                     0x200
  .intvec          const            0x0   0x200  cstartup_M.o [1]
                                - 0x200   0x200

"P1":                                     0xac2
  .text            ro code        0x200   0x54c  main.o [1]
  .text            ro code        0x74c    0xa8  gpio.o [1]
  .text            ro code        0x7f4    0xd8  uart.o [1]
  .text            ro code        0x8cc    0x14  memset.o [4]
  .text            ro code        0x8e0   0x274  I64DivMod.o [4]
  .text            ro code        0xb54    0x66  ABImemset.o [4]
  .text            ro code        0xbba     0x2  cstartup_M.o [1]
  .text            ro code        0xbbc     0x2  I64DivZer.o [4]
  .text            ro code        0xbbe    0x38  zero_init3.o [4]
  .text            ro code        0xbf6     0x2  cstartup_M.o [1]
  .text            ro code        0xbf8    0x28  data_init.o [4]
  .text            ro code        0xc20    0x22  fpinit_M.o [3]
  .iar.init_table  const          0xc44    0x10  - Linker created -
  .text            ro code        0xc54     0x2  cstartup_M.o [1]
  .text            ro code        0xc58    0x1e  cmain.o [4]
  .text            ro code        0xc76     0x4  low_level_init.o [2]
  .text            ro code        0xc7a     0x4  exit.o [2]
  .text            ro code        0xc7e     0x2  cstartup_M.o [1]
  .text            ro code        0xc80     0xa  cexit.o [4]
  .text            ro code        0xc8a     0x2  cstartup_M.o [1]
  .text            ro code        0xc8c    0x14  exit.o [5]
  .text            ro code        0xca0    0x10  cstartup_M.o [1]
  .rodata          const          0xcb0     0x8  main.o [1]
  .text            ro code        0xcb8     0x2  cstartup_M.o [1]
  .text            ro code        0xcba     0x2  cstartup_M.o [1]
  .text            ro code        0xcbc     0x2  cstartup_M.o [1]
  .text            ro code        0xcbe     0x2  cstartup_M.o [1]
  .text            ro code        0xcc0     0x2  cstartup_M.o [1]
  .rodata          const          0xcc2     0x0  zero_init3.o [4]
                                - 0xcc2   0xac2

"P2", part 1 of 2:                         0x58
  .bss             zero     0x2000'0000    0x14  main.o [1]
  .bss             zero     0x2000'0014    0x14  main.o [1]
  .bss             zero     0x2000'0028    0x14  main.o [1]
  .bss             zero     0x2000'003c     0x4  main.o [1]
  .bss             zero     0x2000'0040     0x8  main.o [1]
  .bss             zero     0x2000'0048     0x4  main.o [1]
  .bss             zero     0x2000'004c     0x2  main.o [1]
  .bss             zero     0x2000'004e     0x2  main.o [1]
  .bss             zero     0x2000'0050     0x2  main.o [1]
  .bss             zero     0x2000'0052     0x2  main.o [1]
  .bss             zero     0x2000'0054     0x1  main.o [1]
  .bss             zero     0x2000'0055     0x1  main.o [1]
  .bss             zero     0x2000'0056     0x1  main.o [1]
                          - 0x2000'0057    0x57

"P2", part 2 of 2:                       0x8000
  CSTACK                    0x2000'0058  0x8000  <Block>
    CSTACK         uninit   0x2000'0058  0x8000  <Block tail>
                          - 0x2000'8058  0x8000

Unused ranges:

         From           To      Size
         ----           --      ----
        0xcc2     0xf'ffff  0xf'f33e
  0x2000'8058  0x2003'ffff  0x3'7fa8


*******************************************************************************
*** INIT TABLE
***

          Address      Size
          -------      ----
Zero (__iar_zero_init3)
    1 destination range, total size 0x57:
          0x2000'0000  0x57



*******************************************************************************
*** MODULE SUMMARY
***

    Module            ro code  ro data  rw data
    ------            -------  -------  -------
command line/config:
    -------------------------------------------
    Total:

D:\utfpr_microprocessadores\ProjetoCalculadoraBasica\Debug\Obj: [1]
    cstartup_M.o           36      512
    gpio.o                168
    main.o              1'356        8       87
    uart.o                216
    -------------------------------------------
    Total:              1'776      520       87

dl7M_tln.a: [2]
    exit.o                  4
    low_level_init.o        4
    -------------------------------------------
    Total:                  8

m7M_tls.a: [3]
    fpinit_M.o             34
    -------------------------------------------
    Total:                 34

rt7M_tl.a: [4]
    ABImemset.o           102
    I64DivMod.o           628
    I64DivZer.o             2
    cexit.o                10
    cmain.o                30
    data_init.o            40
    memset.o               20
    zero_init3.o           56
    -------------------------------------------
    Total:                888

shb_l.a: [5]
    exit.o                 20
    -------------------------------------------
    Total:                 20

    Gaps                    2        2
    Linker created                  16   32'768
-----------------------------------------------
    Grand Total:        2'728      538   32'855


*******************************************************************************
*** ENTRY LIST
***

Entry                       Address   Size  Type      Object
-----                       -------   ----  ----      ------
.iar.init_table$$Base         0xc44          --   Gb  - Linker created -
.iar.init_table$$Limit        0xc54          --   Gb  - Linker created -
?main                         0xc59         Code  Gb  cmain.o [4]
BusFault_Handler              0xc7f    0x2  Code  Gb  cstartup_M.o [1]
CSTACK$$Base            0x2000'0058          --   Gb  - Linker created -
CSTACK$$Limit           0x2000'8058          --   Gb  - Linker created -
DebugMon_Handler              0xcbb    0x2  Code  Gb  cstartup_M.o [1]
ExecucaoOperacao              0x5bb   0x70  Code  Gb  main.o [1]
GPIO_Init                     0x74d   0x5e  Code  Gb  gpio.o [1]
HardFault_Handler             0xbf7    0x2  Code  Gb  cstartup_M.o [1]
IntDefaultHandler             0xcc1    0x2  Code  Gb  cstartup_M.o [1]
MemManage_Handler             0xc55    0x2  Code  Gb  cstartup_M.o [1]
NMI_Handler                   0xbbb    0x2  Code  Gb  cstartup_M.o [1]
OutputBuffRes64bitsHL         0x62b   0xb4  Code  Gb  main.o [1]
ParseArgString                0x587   0x34  Code  Gb  main.o [1]
PendSV_Handler                0xcbd    0x2  Code  Gb  cstartup_M.o [1]
PortJ_Input                   0x7ab    0x6  Code  Gb  gpio.o [1]
PortN_Output                  0x7b1    0x6  Code  Gb  gpio.o [1]
Region$$Table$$Base           0xc44          --   Gb  - Linker created -
Region$$Table$$Limit          0xc54          --   Gb  - Linker created -
SVC_Handler                   0xcb9    0x2  Code  Gb  cstartup_M.o [1]
SysTick_Handler               0xcbf    0x2  Code  Gb  cstartup_M.o [1]
TransmiteConstString          0x6f5   0x16  Code  Gb  main.o [1]
TransmiteString               0x6df   0x16  Code  Gb  main.o [1]
Uart0_Init                    0x7f5   0x8a  Code  Gb  uart.o [1]
Uart0_Send                    0x87f   0x10  Code  Gb  uart.o [1]
UsageFault_Handler            0xc8b    0x2  Code  Gb  cstartup_M.o [1]
__aeabi_ldiv0                 0xbbd         Code  Gb  I64DivZer.o [4]
__aeabi_ldivmod               0x8e1         Code  Gb  I64DivMod.o [4]
__aeabi_memset                0xb55         Code  Gb  ABImemset.o [4]
__aeabi_uldivmod              0x925         Code  Gb  I64DivMod.o [4]
__cmain                       0xc59         Code  Gb  cmain.o [4]
__exit                        0xc8d   0x14  Code  Gb  exit.o [5]
__iar_Memset                  0xb55         Code  Gb  ABImemset.o [4]
__iar_Memset_word             0xb5d         Code  Gb  ABImemset.o [4]
__iar_data_init3              0xbf9   0x28  Code  Gb  data_init.o [4]
__iar_init_vfp                0xc21         Code  Gb  fpinit_M.o [3]
__iar_program_start           0xca1   0x10  Code  Gb  cstartup_M.o [1]
__iar_zero_init3              0xbbf   0x38  Code  Gb  zero_init3.o [4]
__low_level_init              0xc77    0x4  Code  Gb  low_level_init.o [2]
__vector_table                  0x0  0x200  Data  Gb  cstartup_M.o [1]
_call_main                    0xc65         Code  Gb  cmain.o [4]
_exit                         0xc81         Code  Gb  cexit.o [4]
argAstring              0x2000'0000   0x14  Data  Gb  main.o [1]
argBstring              0x2000'0014   0x14  Data  Gb  main.o [1]
argumento               0x2000'0056    0x1  Data  Gb  main.o [1]
caractere               0x2000'004c    0x2  Data  Gb  main.o [1]
errostr                       0xcb0    0x8  Data  Gb  main.o [1]
exit                          0xc7b    0x4  Code  Gb  exit.o [2]
flow_flag               0x2000'0055    0x1  Data  Gb  main.o [1]
main                          0x201  0x386  Code  Gb  main.o [1]
memset                        0x8cd   0x14  Code  Gb  memset.o [4]
n                       0x2000'004e    0x2  Data  Gb  main.o [1]
op                      0x2000'0052    0x2  Data  Gb  main.o [1]
operacao                0x2000'0054    0x1  Data  Gb  main.o [1]
operandoA               0x2000'003c    0x4  Data  Gb  main.o [1]
operandoB               0x2000'0048    0x4  Data  Gb  main.o [1]
outputbuffer            0x2000'0028   0x14  Data  Gb  main.o [1]
res                     0x2000'0040    0x8  Data  Gb  main.o [1]
s                       0x2000'0050    0x2  Data  Gb  main.o [1]


[1] = D:\utfpr_microprocessadores\ProjetoCalculadoraBasica\Debug\Obj
[2] = dl7M_tln.a
[3] = m7M_tls.a
[4] = rt7M_tl.a
[5] = shb_l.a

   2'728 bytes of readonly  code memory
     538 bytes of readonly  data memory
  32'855 bytes of readwrite data memory

Errors: none
Warnings: none
