###############################################################################
#
# IAR ELF Linker V9.10.2.313/W64 for ARM                  27/Aug/2021  00:52:20
# Copyright 2007-2021 IAR Systems AB.
#
#    Output file  =
#        D:\utfpr_microprocessadores\ProjetoCalculadoraBasica\Debug\Exe\ProjetoCalculadoraBasica.out
#    Map file     =
#        D:\utfpr_microprocessadores\ProjetoCalculadoraBasica\Debug\List\ProjetoCalculadoraBasica.map
#    Command line =
#        -f
#        D:\utfpr_microprocessadores\ProjetoCalculadoraBasica\Debug\Exe\ProjetoCalculadoraBasica.out.rsp
#        (D:\utfpr_microprocessadores\ProjetoCalculadoraBasica\Debug\Obj\cstartup_M.o
#        D:\utfpr_microprocessadores\ProjetoCalculadoraBasica\Debug\Obj\gpio.o
#        D:\utfpr_microprocessadores\ProjetoCalculadoraBasica\Debug\Obj\main.o
#        D:\utfpr_microprocessadores\ProjetoCalculadoraBasica\Debug\Obj\uart.o
#        --no_out_extension -o
#        D:\utfpr_microprocessadores\ProjetoCalculadoraBasica\Debug\Exe\ProjetoCalculadoraBasica.out
#        --redirect _Printf=_PrintfFullNoMb --redirect _Scanf=_ScanfFullNoMb
#        --map
#        D:\utfpr_microprocessadores\ProjetoCalculadoraBasica\Debug\List\ProjetoCalculadoraBasica.map
#        --config "C:\Program Files\IAR Systems\Embedded Workbench
#        9.0\arm\config\linker\TexasInstruments\TM4C129ENC.icf" --semihosting
#        --entry __iar_program_start --vfe --text_out locale)
#
###############################################################################

*******************************************************************************
*** RUNTIME MODEL ATTRIBUTES
***

CppFlavor       = *
__SystemLibrary = DLib
__dlib_version  = 6


*******************************************************************************
*** HEAP SELECTION
***

The basic heap was selected because some modules are built with
size limitations (and not runtime checking), and --advanced_heap
was not specified.


*******************************************************************************
*** PLACEMENT SUMMARY
***

"A0":  place at address 0x0 { ro section .intvec };
"P1":  place in [from 0x0 to 0xf'ffff] { ro };
define block CSTACK with size = 32K, alignment = 8 { };
define block HEAP with size = 64K, alignment = 8 { };
"P2":  place in [from 0x2000'0000 to 0x2003'ffff] {
          rw, block CSTACK, block HEAP };

  Section          Kind         Address    Size  Object
  -------          ----         -------    ----  ------
"A0":                                     0x200
  .intvec          const            0x0   0x200  cstartup_M.o [1]
                                - 0x200   0x200

"P1":                                     0xbc2
  .text            ro code        0x200   0x618  main.o [1]
  .text            ro code        0x818    0xdc  gpio.o [1]
  .text            ro code        0x8f4    0xd8  uart.o [1]
  .text            ro code        0x9cc    0x14  memset.o [4]
  .text            ro code        0x9e0   0x274  I64DivMod.o [4]
  .text            ro code        0xc54    0x66  ABImemset.o [4]
  .text            ro code        0xcba     0x2  cstartup_M.o [1]
  .text            ro code        0xcbc     0x2  I64DivZer.o [4]
  .text            ro code        0xcbe    0x38  zero_init3.o [4]
  .text            ro code        0xcf6     0x2  cstartup_M.o [1]
  .text            ro code        0xcf8    0x28  data_init.o [4]
  .text            ro code        0xd20    0x22  fpinit_M.o [3]
  .iar.init_table  const          0xd44    0x10  - Linker created -
  .text            ro code        0xd54     0x2  cstartup_M.o [1]
  .text            ro code        0xd58    0x1e  cmain.o [4]
  .text            ro code        0xd76     0x4  low_level_init.o [2]
  .text            ro code        0xd7a     0x4  exit.o [2]
  .text            ro code        0xd7e     0x2  cstartup_M.o [1]
  .text            ro code        0xd80     0xa  cexit.o [4]
  .text            ro code        0xd8a     0x2  cstartup_M.o [1]
  .text            ro code        0xd8c    0x14  exit.o [5]
  .text            ro code        0xda0    0x10  cstartup_M.o [1]
  .rodata          const          0xdb0     0x8  main.o [1]
  .text            ro code        0xdb8     0x2  cstartup_M.o [1]
  .text            ro code        0xdba     0x2  cstartup_M.o [1]
  .text            ro code        0xdbc     0x2  cstartup_M.o [1]
  .text            ro code        0xdbe     0x2  cstartup_M.o [1]
  .text            ro code        0xdc0     0x2  cstartup_M.o [1]
  .rodata          const          0xdc2     0x0  zero_init3.o [4]
                                - 0xdc2   0xbc2

"P2", part 1 of 2:                         0x5c
  .bss             zero     0x2000'0000    0x14  main.o [1]
  .bss             zero     0x2000'0014    0x14  main.o [1]
  .bss             zero     0x2000'0028    0x14  main.o [1]
  .bss             zero     0x2000'003c     0x4  main.o [1]
  .bss             zero     0x2000'0040     0x8  main.o [1]
  .bss             zero     0x2000'0048     0x4  main.o [1]
  .bss             zero     0x2000'004c     0x2  main.o [1]
  .bss             zero     0x2000'004e     0x2  main.o [1]
  .bss             zero     0x2000'0050     0x2  main.o [1]
  .bss             zero     0x2000'0052     0x2  main.o [1]
  .bss             zero     0x2000'0054     0x1  main.o [1]
  .bss             zero     0x2000'0055     0x1  main.o [1]
  .bss             zero     0x2000'0056     0x1  main.o [1]
  .bss             zero     0x2000'0057     0x1  main.o [1]
  .bss             zero     0x2000'0058     0x1  main.o [1]
                          - 0x2000'0059    0x59

"P2", part 2 of 2:                       0x8000
  CSTACK                    0x2000'0060  0x8000  <Block>
    CSTACK         uninit   0x2000'0060  0x8000  <Block tail>
                          - 0x2000'8060  0x8000

Unused ranges:

         From           To      Size
         ----           --      ----
        0xdc2     0xf'ffff  0xf'f23e
  0x2000'005c  0x2000'005f       0x4
  0x2000'8060  0x2003'ffff  0x3'7fa0


*******************************************************************************
*** INIT TABLE
***

          Address      Size
          -------      ----
Zero (__iar_zero_init3)
    1 destination range, total size 0x59:
          0x2000'0000  0x59



*******************************************************************************
*** MODULE SUMMARY
***

    Module            ro code  ro data  rw data
    ------            -------  -------  -------
command line/config:
    -------------------------------------------
    Total:

D:\utfpr_microprocessadores\ProjetoCalculadoraBasica\Debug\Obj: [1]
    cstartup_M.o           36      512
    gpio.o                220
    main.o              1'560        8       89
    uart.o                216
    -------------------------------------------
    Total:              2'032      520       89

dl7M_tln.a: [2]
    exit.o                  4
    low_level_init.o        4
    -------------------------------------------
    Total:                  8

m7M_tls.a: [3]
    fpinit_M.o             34
    -------------------------------------------
    Total:                 34

rt7M_tl.a: [4]
    ABImemset.o           102
    I64DivMod.o           628
    I64DivZer.o             2
    cexit.o                10
    cmain.o                30
    data_init.o            40
    memset.o               20
    zero_init3.o           56
    -------------------------------------------
    Total:                888

shb_l.a: [5]
    exit.o                 20
    -------------------------------------------
    Total:                 20

    Gaps                    2        2
    Linker created                  16   32'768
-----------------------------------------------
    Grand Total:        2'984      538   32'857


*******************************************************************************
*** ENTRY LIST
***

Entry                       Address   Size  Type      Object
-----                       -------   ----  ----      ------
.iar.init_table$$Base         0xd44          --   Gb  - Linker created -
.iar.init_table$$Limit        0xd54          --   Gb  - Linker created -
?main                         0xd59         Code  Gb  cmain.o [4]
BusFault_Handler              0xd7f    0x2  Code  Gb  cstartup_M.o [1]
CSTACK$$Base            0x2000'0060          --   Gb  - Linker created -
CSTACK$$Limit           0x2000'8060          --   Gb  - Linker created -
DebugMon_Handler              0xdbb    0x2  Code  Gb  cstartup_M.o [1]
ExecucaoOperacao              0x681   0x70  Code  Gb  main.o [1]
GPIO_Init                     0x819   0x7c  Code  Gb  gpio.o [1]
HardFault_Handler             0xcf7    0x2  Code  Gb  cstartup_M.o [1]
IntDefaultHandler             0xdc1    0x2  Code  Gb  cstartup_M.o [1]
LedState                0x2000'0057    0x1  Data  Gb  main.o [1]
LedStateAnt             0x2000'0058    0x1  Data  Gb  main.o [1]
MemManage_Handler             0xd55    0x2  Code  Gb  cstartup_M.o [1]
NMI_Handler                   0xcbb    0x2  Code  Gb  cstartup_M.o [1]
OutputBuffRes64bitsHL         0x6f1   0xb4  Code  Gb  main.o [1]
ParseArgString                0x653   0x2e  Code  Gb  main.o [1]
PendSV_Handler                0xdbd    0x2  Code  Gb  cstartup_M.o [1]
PortF_Output                  0x89b    0x6  Code  Gb  gpio.o [1]
PortN_Output                  0x895    0x6  Code  Gb  gpio.o [1]
Region$$Table$$Base           0xd44          --   Gb  - Linker created -
Region$$Table$$Limit          0xd54          --   Gb  - Linker created -
SVC_Handler                   0xdb9    0x2  Code  Gb  cstartup_M.o [1]
SysTick_Handler               0xdbf    0x2  Code  Gb  cstartup_M.o [1]
TransmiteConstString          0x7bb   0x16  Code  Gb  main.o [1]
TransmiteString               0x7a5   0x16  Code  Gb  main.o [1]
Uart0_Init                    0x8f5   0x8a  Code  Gb  uart.o [1]
Uart0_Send                    0x97f   0x10  Code  Gb  uart.o [1]
UsageFault_Handler            0xd8b    0x2  Code  Gb  cstartup_M.o [1]
__aeabi_ldiv0                 0xcbd         Code  Gb  I64DivZer.o [4]
__aeabi_ldivmod               0x9e1         Code  Gb  I64DivMod.o [4]
__aeabi_memset                0xc55         Code  Gb  ABImemset.o [4]
__aeabi_uldivmod              0xa25         Code  Gb  I64DivMod.o [4]
__cmain                       0xd59         Code  Gb  cmain.o [4]
__exit                        0xd8d   0x14  Code  Gb  exit.o [5]
__iar_Memset                  0xc55         Code  Gb  ABImemset.o [4]
__iar_Memset_word             0xc5d         Code  Gb  ABImemset.o [4]
__iar_data_init3              0xcf9   0x28  Code  Gb  data_init.o [4]
__iar_init_vfp                0xd21         Code  Gb  fpinit_M.o [3]
__iar_program_start           0xda1   0x10  Code  Gb  cstartup_M.o [1]
__iar_zero_init3              0xcbf   0x38  Code  Gb  zero_init3.o [4]
__low_level_init              0xd77    0x4  Code  Gb  low_level_init.o [2]
__vector_table                  0x0  0x200  Data  Gb  cstartup_M.o [1]
_call_main                    0xd65         Code  Gb  cmain.o [4]
_exit                         0xd81         Code  Gb  cexit.o [4]
argAstring              0x2000'0000   0x14  Data  Gb  main.o [1]
argBstring              0x2000'0014   0x14  Data  Gb  main.o [1]
argumento               0x2000'0056    0x1  Data  Gb  main.o [1]
caractere               0x2000'004c    0x2  Data  Gb  main.o [1]
errostr                       0xdb0    0x8  Data  Gb  main.o [1]
exit                          0xd7b    0x4  Code  Gb  exit.o [2]
flow_flag               0x2000'0055    0x1  Data  Gb  main.o [1]
main                          0x201  0x452  Code  Gb  main.o [1]
memset                        0x9cd   0x14  Code  Gb  memset.o [4]
n                       0x2000'004e    0x2  Data  Gb  main.o [1]
op                      0x2000'0052    0x2  Data  Gb  main.o [1]
operacao                0x2000'0054    0x1  Data  Gb  main.o [1]
operandoA               0x2000'003c    0x4  Data  Gb  main.o [1]
operandoB               0x2000'0048    0x4  Data  Gb  main.o [1]
outputbuffer            0x2000'0028   0x14  Data  Gb  main.o [1]
res                     0x2000'0040    0x8  Data  Gb  main.o [1]
s                       0x2000'0050    0x2  Data  Gb  main.o [1]


[1] = D:\utfpr_microprocessadores\ProjetoCalculadoraBasica\Debug\Obj
[2] = dl7M_tln.a
[3] = m7M_tls.a
[4] = rt7M_tl.a
[5] = shb_l.a

   2'984 bytes of readonly  code memory
     538 bytes of readonly  data memory
  32'857 bytes of readwrite data memory

Errors: none
Warnings: none
