###############################################################################
#
# IAR ELF Linker V9.10.2.313/W64 for ARM                  25/Aug/2021  00:58:48
# Copyright 2007-2021 IAR Systems AB.
#
#    Output file  =
#        D:\utfpr_microprocessadores\ProjetoCalculadoraBasica\Debug\Exe\ProjetoCalculadoraBasica.out
#    Map file     =
#        D:\utfpr_microprocessadores\ProjetoCalculadoraBasica\Debug\List\ProjetoCalculadoraBasica.map
#    Command line =
#        -f
#        D:\utfpr_microprocessadores\ProjetoCalculadoraBasica\Debug\Exe\ProjetoCalculadoraBasica.out.rsp
#        (D:\utfpr_microprocessadores\ProjetoCalculadoraBasica\Debug\Obj\cstartup_M.o
#        D:\utfpr_microprocessadores\ProjetoCalculadoraBasica\Debug\Obj\gpio.o
#        D:\utfpr_microprocessadores\ProjetoCalculadoraBasica\Debug\Obj\main.o
#        D:\utfpr_microprocessadores\ProjetoCalculadoraBasica\Debug\Obj\uart.o
#        --no_out_extension -o
#        D:\utfpr_microprocessadores\ProjetoCalculadoraBasica\Debug\Exe\ProjetoCalculadoraBasica.out
#        --redirect _Printf=_PrintfFullNoMb --redirect _Scanf=_ScanfFullNoMb
#        --map
#        D:\utfpr_microprocessadores\ProjetoCalculadoraBasica\Debug\List\ProjetoCalculadoraBasica.map
#        --config "C:\Program Files\IAR Systems\Embedded Workbench
#        9.0\arm\config\linker\TexasInstruments\TM4C129ENC.icf" --semihosting
#        --entry __iar_program_start --vfe --text_out locale)
#
###############################################################################

*******************************************************************************
*** RUNTIME MODEL ATTRIBUTES
***

CppFlavor       = *
__SystemLibrary = DLib
__dlib_version  = 6


*******************************************************************************
*** HEAP SELECTION
***

The basic heap was selected because some modules are built with
size limitations (and not runtime checking), and --advanced_heap
was not specified.


*******************************************************************************
*** PLACEMENT SUMMARY
***

"A0":  place at address 0x0 { ro section .intvec };
"P1":  place in [from 0x0 to 0xf'ffff] { ro };
define block CSTACK with size = 32K, alignment = 8 { };
define block HEAP with size = 64K, alignment = 8 { };
"P2":  place in [from 0x2000'0000 to 0x2003'ffff] {
          rw, block CSTACK, block HEAP };

  Section          Kind         Address    Size  Object
  -------          ----         -------    ----  ------
"A0":                                     0x200
  .intvec          const            0x0   0x200  cstartup_M.o [1]
                                - 0x200   0x200

"P1":                                     0x972
  .text            ro code        0x200   0x3fc  main.o [1]
  .text            ro code        0x5fc    0xa8  gpio.o [1]
  .text            ro code        0x6a4    0xd8  uart.o [1]
  .text            ro code        0x77c    0x14  memset.o [4]
  .text            ro code        0x790   0x274  I64DivMod.o [4]
  .text            ro code        0xa04    0x66  ABImemset.o [4]
  .text            ro code        0xa6a     0x2  cstartup_M.o [1]
  .text            ro code        0xa6c     0x2  I64DivZer.o [4]
  .text            ro code        0xa6e    0x38  zero_init3.o [4]
  .text            ro code        0xaa6     0x2  cstartup_M.o [1]
  .text            ro code        0xaa8    0x28  data_init.o [4]
  .text            ro code        0xad0    0x22  fpinit_M.o [3]
  .iar.init_table  const          0xaf4    0x10  - Linker created -
  .text            ro code        0xb04     0x2  cstartup_M.o [1]
  .text            ro code        0xb08    0x1e  cmain.o [4]
  .text            ro code        0xb26     0x4  low_level_init.o [2]
  .text            ro code        0xb2a     0x4  exit.o [2]
  .text            ro code        0xb2e     0x2  cstartup_M.o [1]
  .text            ro code        0xb30     0xa  cexit.o [4]
  .text            ro code        0xb3a     0x2  cstartup_M.o [1]
  .text            ro code        0xb3c    0x14  exit.o [5]
  .text            ro code        0xb50    0x10  cstartup_M.o [1]
  .rodata          const          0xb60     0x8  main.o [1]
  .text            ro code        0xb68     0x2  cstartup_M.o [1]
  .text            ro code        0xb6a     0x2  cstartup_M.o [1]
  .text            ro code        0xb6c     0x2  cstartup_M.o [1]
  .text            ro code        0xb6e     0x2  cstartup_M.o [1]
  .text            ro code        0xb70     0x2  cstartup_M.o [1]
  .rodata          const          0xb72     0x0  zero_init3.o [4]
                                - 0xb72   0x972

"P2", part 1 of 2:                         0x54
  .bss             zero     0x2000'0000    0x14  main.o [1]
  .bss             zero     0x2000'0014    0x14  main.o [1]
  .bss             zero     0x2000'0028    0x14  main.o [1]
  .bss             zero     0x2000'003c     0x4  main.o [1]
  .bss             zero     0x2000'0040     0x8  main.o [1]
  .bss             zero     0x2000'0048     0x4  main.o [1]
  .bss             zero     0x2000'004c     0x2  main.o [1]
  .bss             zero     0x2000'004e     0x2  main.o [1]
  .bss             zero     0x2000'0050     0x1  main.o [1]
  .bss             zero     0x2000'0051     0x1  main.o [1]
  .bss             zero     0x2000'0052     0x1  main.o [1]
                          - 0x2000'0053    0x53

"P2", part 2 of 2:                       0x8000
  CSTACK                    0x2000'0058  0x8000  <Block>
    CSTACK         uninit   0x2000'0058  0x8000  <Block tail>
                          - 0x2000'8058  0x8000

Unused ranges:

         From           To      Size
         ----           --      ----
        0xb72     0xf'ffff  0xf'f48e
  0x2000'0054  0x2000'0057       0x4
  0x2000'8058  0x2003'ffff  0x3'7fa8


*******************************************************************************
*** INIT TABLE
***

          Address      Size
          -------      ----
Zero (__iar_zero_init3)
    1 destination range, total size 0x53:
          0x2000'0000  0x53



*******************************************************************************
*** MODULE SUMMARY
***

    Module            ro code  ro data  rw data
    ------            -------  -------  -------
command line/config:
    -------------------------------------------
    Total:

D:\utfpr_microprocessadores\ProjetoCalculadoraBasica\Debug\Obj: [1]
    cstartup_M.o           36      512
    gpio.o                168
    main.o              1'020        8       83
    uart.o                216
    -------------------------------------------
    Total:              1'440      520       83

dl7M_tln.a: [2]
    exit.o                  4
    low_level_init.o        4
    -------------------------------------------
    Total:                  8

m7M_tls.a: [3]
    fpinit_M.o             34
    -------------------------------------------
    Total:                 34

rt7M_tl.a: [4]
    ABImemset.o           102
    I64DivMod.o           628
    I64DivZer.o             2
    cexit.o                10
    cmain.o                30
    data_init.o            40
    memset.o               20
    zero_init3.o           56
    -------------------------------------------
    Total:                888

shb_l.a: [5]
    exit.o                 20
    -------------------------------------------
    Total:                 20

    Gaps                    2        2
    Linker created                  16   32'768
-----------------------------------------------
    Grand Total:        2'392      538   32'851


*******************************************************************************
*** ENTRY LIST
***

Entry                       Address   Size  Type      Object
-----                       -------   ----  ----      ------
.iar.init_table$$Base         0xaf4          --   Gb  - Linker created -
.iar.init_table$$Limit        0xb04          --   Gb  - Linker created -
?main                         0xb09         Code  Gb  cmain.o [4]
BusFault_Handler              0xb2f    0x2  Code  Gb  cstartup_M.o [1]
CSTACK$$Base            0x2000'0058          --   Gb  - Linker created -
CSTACK$$Limit           0x2000'8058          --   Gb  - Linker created -
DebugMon_Handler              0xb6b    0x2  Code  Gb  cstartup_M.o [1]
ExecucaoOperacao              0x475   0x70  Code  Gb  main.o [1]
GPIO_Init                     0x5fd   0x5e  Code  Gb  gpio.o [1]
HardFault_Handler             0xaa7    0x2  Code  Gb  cstartup_M.o [1]
IntDefaultHandler             0xb71    0x2  Code  Gb  cstartup_M.o [1]
MemManage_Handler             0xb05    0x2  Code  Gb  cstartup_M.o [1]
NMI_Handler                   0xa6b    0x2  Code  Gb  cstartup_M.o [1]
OutputBuffRes64bitsHL         0x4e5   0xb4  Code  Gb  main.o [1]
ParseArgString                0x44b   0x2a  Code  Gb  main.o [1]
PendSV_Handler                0xb6d    0x2  Code  Gb  cstartup_M.o [1]
PortJ_Input                   0x65b    0x6  Code  Gb  gpio.o [1]
PortN_Output                  0x661    0x6  Code  Gb  gpio.o [1]
Region$$Table$$Base           0xaf4          --   Gb  - Linker created -
Region$$Table$$Limit          0xb04          --   Gb  - Linker created -
SVC_Handler                   0xb69    0x2  Code  Gb  cstartup_M.o [1]
SysTick_Handler               0xb6f    0x2  Code  Gb  cstartup_M.o [1]
TransmiteConstString          0x5af   0x16  Code  Gb  main.o [1]
TransmiteString               0x599   0x16  Code  Gb  main.o [1]
Uart0_Init                    0x6a5   0x8a  Code  Gb  uart.o [1]
Uart0_Send                    0x72f   0x10  Code  Gb  uart.o [1]
UsageFault_Handler            0xb3b    0x2  Code  Gb  cstartup_M.o [1]
__aeabi_ldiv0                 0xa6d         Code  Gb  I64DivZer.o [4]
__aeabi_ldivmod               0x791         Code  Gb  I64DivMod.o [4]
__aeabi_memset                0xa05         Code  Gb  ABImemset.o [4]
__aeabi_uldivmod              0x7d5         Code  Gb  I64DivMod.o [4]
__cmain                       0xb09         Code  Gb  cmain.o [4]
__exit                        0xb3d   0x14  Code  Gb  exit.o [5]
__iar_Memset                  0xa05         Code  Gb  ABImemset.o [4]
__iar_Memset_word             0xa0d         Code  Gb  ABImemset.o [4]
__iar_data_init3              0xaa9   0x28  Code  Gb  data_init.o [4]
__iar_init_vfp                0xad1         Code  Gb  fpinit_M.o [3]
__iar_program_start           0xb51   0x10  Code  Gb  cstartup_M.o [1]
__iar_zero_init3              0xa6f   0x38  Code  Gb  zero_init3.o [4]
__low_level_init              0xb27    0x4  Code  Gb  low_level_init.o [2]
__vector_table                  0x0  0x200  Data  Gb  cstartup_M.o [1]
_call_main                    0xb15         Code  Gb  cmain.o [4]
_exit                         0xb31         Code  Gb  cexit.o [4]
argAstring              0x2000'0000   0x14  Data  Gb  main.o [1]
argBstring              0x2000'0014   0x14  Data  Gb  main.o [1]
argumento               0x2000'0052    0x1  Data  Gb  main.o [1]
caractere               0x2000'004c    0x2  Data  Gb  main.o [1]
errostr                       0xb60    0x8  Data  Gb  main.o [1]
exit                          0xb2b    0x4  Code  Gb  exit.o [2]
flow_flag               0x2000'0051    0x1  Data  Gb  main.o [1]
main                          0x201  0x24a  Code  Gb  main.o [1]
memset                        0x77d   0x14  Code  Gb  memset.o [4]
n                       0x2000'004e    0x2  Data  Gb  main.o [1]
operacao                0x2000'0050    0x1  Data  Gb  main.o [1]
operandoA               0x2000'003c    0x4  Data  Gb  main.o [1]
operandoB               0x2000'0048    0x4  Data  Gb  main.o [1]
outputbuffer            0x2000'0028   0x14  Data  Gb  main.o [1]
res                     0x2000'0040    0x8  Data  Gb  main.o [1]


[1] = D:\utfpr_microprocessadores\ProjetoCalculadoraBasica\Debug\Obj
[2] = dl7M_tln.a
[3] = m7M_tls.a
[4] = rt7M_tl.a
[5] = shb_l.a

   2'392 bytes of readonly  code memory
     538 bytes of readonly  data memory
  32'851 bytes of readwrite data memory

Errors: none
Warnings: none
